// Jest Snapshot v1, https://goo.gl/fbAQLP

exports[`shortest path Plugin renders correctly 1`] = `
<div>
  <div
    className="MuiFormControl-root-1 MuiFormControl-fullWidth-4"
  >
    <div
      className="MuiFormControl-root-1 MuiFormControl-fullWidth-4"
    >
      <label
        className="MuiFormLabel-root-16 MuiInputLabel-root-5 MuiInputLabel-formControl-10 MuiInputLabel-animated-13"
        data-shrink={false}
      >
        Body ID A
      </label>
      <div
        className="MuiInputBase-root-36 MuiInput-root-23 MuiInput-underline-27 MuiInputBase-fullWidth-45 MuiInput-fullWidth-30 MuiInputBase-formControl-37 MuiInput-formControl-24 MuiInputBase-multiline-44 MuiInput-multiline-29"
        onClick={[Function]}
      >
        <div
          className="MuiPrivateTextarea-root-53"
        >
          <textarea
            aria-hidden="true"
            className="MuiPrivateTextarea-textarea-54 MuiPrivateTextarea-shadow-55"
            readOnly={true}
            rows="1"
            tabIndex={-1}
            value=""
          />
          <textarea
            aria-hidden="true"
            className="MuiPrivateTextarea-textarea-54 MuiPrivateTextarea-shadow-55"
            readOnly={true}
            rows={1}
            tabIndex={-1}
            value=""
          />
          <textarea
            aria-invalid={false}
            className="MuiPrivateTextarea-textarea-54 MuiInputBase-input-46 MuiInput-input-31 MuiInputBase-inputMultiline-48 MuiInput-inputMultiline-33"
            disabled={false}
            onBlur={[Function]}
            onChange={[Function]}
            onFocus={[Function]}
            required={false}
            rows={1}
            style={
              Object {
                "height": 19,
              }
            }
            value=""
          />
        </div>
      </div>
    </div>
    <div
      className="MuiFormControl-root-1 MuiFormControl-fullWidth-4"
    >
      <label
        className="MuiFormLabel-root-16 MuiInputLabel-root-5 MuiInputLabel-formControl-10 MuiInputLabel-animated-13"
        data-shrink={false}
      >
        Body ID B
      </label>
      <div
        className="MuiInputBase-root-36 MuiInput-root-23 MuiInput-underline-27 MuiInputBase-fullWidth-45 MuiInput-fullWidth-30 MuiInputBase-formControl-37 MuiInput-formControl-24 MuiInputBase-multiline-44 MuiInput-multiline-29"
        onClick={[Function]}
      >
        <div
          className="MuiPrivateTextarea-root-53"
        >
          <textarea
            aria-hidden="true"
            className="MuiPrivateTextarea-textarea-54 MuiPrivateTextarea-shadow-55"
            readOnly={true}
            rows="1"
            tabIndex={-1}
            value=""
          />
          <textarea
            aria-hidden="true"
            className="MuiPrivateTextarea-textarea-54 MuiPrivateTextarea-shadow-55"
            readOnly={true}
            rows={1}
            tabIndex={-1}
            value=""
          />
          <textarea
            aria-invalid={false}
            className="MuiPrivateTextarea-textarea-54 MuiInputBase-input-46 MuiInput-input-31 MuiInputBase-inputMultiline-48 MuiInput-inputMultiline-33"
            disabled={false}
            onBlur={[Function]}
            onChange={[Function]}
            onFocus={[Function]}
            required={false}
            rows={1}
            style={
              Object {
                "height": 19,
              }
            }
            value=""
          />
        </div>
      </div>
    </div>
    <div
      className="MuiFormControl-root-1 MuiFormControl-fullWidth-4"
    >
      <label
        className="MuiFormLabel-root-16 MuiFormLabel-filled-20 MuiInputLabel-root-5 MuiInputLabel-formControl-10 MuiInputLabel-animated-13 MuiInputLabel-shrink-12"
        data-shrink={true}
      >
        Minimum weight
      </label>
      <div
        className="MuiInputBase-root-36 MuiInput-root-23 MuiInput-underline-27 MuiInputBase-fullWidth-45 MuiInput-fullWidth-30 MuiInputBase-formControl-37 MuiInput-formControl-24 MuiInputBase-multiline-44 MuiInput-multiline-29"
        onClick={[Function]}
      >
        <div
          className="MuiPrivateTextarea-root-53"
        >
          <textarea
            aria-hidden="true"
            className="MuiPrivateTextarea-textarea-54 MuiPrivateTextarea-shadow-55"
            readOnly={true}
            rows="1"
            tabIndex={-1}
            value=""
          />
          <textarea
            aria-hidden="true"
            className="MuiPrivateTextarea-textarea-54 MuiPrivateTextarea-shadow-55"
            readOnly={true}
            rows={1}
            tabIndex={-1}
            value={0}
          />
          <textarea
            aria-invalid={false}
            className="MuiPrivateTextarea-textarea-54 MuiInputBase-input-46 MuiInput-input-31 MuiInputBase-inputType-49 MuiInput-inputType-34 MuiInputBase-inputMultiline-48 MuiInput-inputMultiline-33"
            disabled={false}
            onBlur={[Function]}
            onChange={[Function]}
            onFocus={[Function]}
            required={false}
            rows={1}
            style={
              Object {
                "height": 19,
              }
            }
            value={0}
          />
        </div>
      </div>
    </div>
  </div>
  <button
    className="MuiButtonBase-root-82 MuiButton-root-56 MuiButton-contained-67 MuiButton-containedPrimary-68 MuiButton-raised-70 MuiButton-raisedPrimary-71"
    disabled={false}
    onBlur={[Function]}
    onClick={[Function]}
    onContextMenu={[Function]}
    onFocus={[Function]}
    onKeyDown={[Function]}
    onKeyUp={[Function]}
    onMouseDown={[Function]}
    onMouseLeave={[Function]}
    onMouseUp={[Function]}
    onTouchEnd={[Function]}
    onTouchMove={[Function]}
    onTouchStart={[Function]}
    tabIndex="0"
    type="button"
  >
    <span
      className="MuiButton-label-57"
    >
      Submit
    </span>
    <span
      className="MuiTouchRipple-root-85"
    />
  </button>
</div>
`;
